Γû▓ Next.js 16.1.6 (Turbopack)
- Environments: .env

node.exe : ΓÜá The 
"middleware" file 
convention is deprecated. 
Please use "proxy" instead. 
Learn more: https://nextjs.o
rg/docs/messages/middleware-
to-proxy
At C:\Users\Sai Shanjay\AppD
ata\Roaming\npm\npx.ps1:24 
char:5
+     & "node$exe"  "$basedi
r/node_modules/npm/bin/npx-c
li.js" $args
+     ~~~~~~~~~~~~~~~~~~~~~~
~~~~~~~~~~~~~~~~~~~~~~~~~~~~
~~~~~~~~~~~~
    + CategoryInfo          
    : NotSpecified: (ΓÜá T  
  he "middle...leware-to-   
 proxy:String) [], Remot    
eException
    + FullyQualifiedErrorId 
    : NativeCommandError
 
  Creating an optimized production build ...

> Build error occurred
Error: Turbopack build 
failed with 1 errors:
./node_modules/@prisma/clien
t/default.js:2:6
Module not found: Can't 
resolve 
'.prisma/client/default'
[0m [90m 1 |[39m 
module[33m.[39mexports 
[33m=[39m {
[31m[1m>[22m[39m[90m 2 
|[39m   [33m...[39mrequir
e([32m'.prisma/client/defau
lt'[39m)[33m,[39m
 [90m   |[39m      [31m[
1m^[22m[39m[31m[1m^[22m
[39m[31m[1m^[22m[39m[3
1m[1m^[22m[39m[31m[1m^
[22m[39m[31m[1m^[22m[39
m[31m[1m^[22m[39m[31m[
1m^[22m[39m[31m[1m^[22m
[39m[31m[1m^[22m[39m[3
1m[1m^[22m[39m[31m[1m^
[22m[39m[31m[1m^[22m[39
m[31m[1m^[22m[39m[31m[
1m^[22m[39m[31m[1m^[22m
[39m[31m[1m^[22m[39m[3
1m[1m^[22m[39m[31m[1m^
[22m[39m[31m[1m^[22m[39
m[31m[1m^[22m[39m[31m[
1m^[22m[39m[31m[1m^[22m
[39m[31m[1m^[22m[39m[3
1m[1m^[22m[39m[31m[1m^
[22m[39m[31m[1m^[22m[39
m[31m[1m^[22m[39m[31m[
1m^[22m[39m[31m[1m^[22m
[39m[31m[1m^[22m[39m[3
1m[1m^[22m[39m[31m[1m^
[22m[39m
 [90m 3 |[39m }
 [90m 4 |[39m[0m



Import traces:
  Edge Middleware:
    ./node_modules/@prisma/c
lient/default.js
    ./src/middleware.ts

  externals-tracing:
    ./node_modules/@prisma/c
lient/default.js 
[externals-tracing]
    
[externals]/@prisma/client 
[external]
    ./src/app/citizen/layout
.tsx [Server Component]

https://nextjs.org/docs/mess
ages/module-not-found


    at ./node_modules/ (pris
ma/client/default.js:2:6)
    at <unknown> (https://ne
xtjs.org/docs/messages/modul
e-not-found)
